Han@DESKTOP-H0MOQCV MINGW64 ~
$ pwd
/c/Users/Han

Han@DESKTOP-H0MOQCV MINGW64 ~
$ cd mysql-docker/

Han@DESKTOP-H0MOQCV MINGW64 ~/mysql-docker
$ ls
docker_log.txt  Dockerfile

Han@DESKTOP-H0MOQCV MINGW64 ~/mysql-docker
$ wsl -l -v
  NAME                   STATE           VERSION
* Ubuntu-20.04           Running         2
  docker-desktop         Running         2
  docker-desktop-data    Running         2

Han@DESKTOP-H0MOQCV MINGW64 ~/mysql-docker
$ docker build -t mysql_docker .
Sending build context to Docker daemon   2.56kB
Step 1/10 : FROM mysql
latest: Pulling from library/mysql
852e50cd189d: Pulling fs layer
29969ddb0ffb: Pulling fs layer
a43f41a44c48: Pulling fs layer
5cdd802543a3: Pulling fs layer
b79b040de953: Pulling fs layer
938c64119969: Pulling fs layer
7689ec51a0d9: Pulling fs layer
a880ba7c411f: Pulling fs layer
984f656ec6ca: Pulling fs layer
9f497bce458a: Pulling fs layer
b9940f97694b: Pulling fs layer
2f069358dc96: Pulling fs layer
9f497bce458a: Waiting
938c64119969: Waiting
7689ec51a0d9: Waiting
a880ba7c411f: Waiting
b9940f97694b: Waiting
2f069358dc96: Waiting
5cdd802543a3: Waiting
984f656ec6ca: Waiting
b79b040de953: Waiting
29969ddb0ffb: Download complete
a43f41a44c48: Download complete
5cdd802543a3: Verifying Checksum
5cdd802543a3: Download complete
b79b040de953: Verifying Checksum
b79b040de953: Download complete
7689ec51a0d9: Download complete
852e50cd189d: Verifying Checksum
852e50cd189d: Download complete
a880ba7c411f: Verifying Checksum
a880ba7c411f: Download complete
938c64119969: Verifying Checksum
938c64119969: Download complete
9f497bce458a: Verifying Checksum
9f497bce458a: Download complete
852e50cd189d: Pull complete
29969ddb0ffb: Pull complete
a43f41a44c48: Pull complete
5cdd802543a3: Pull complete
b9940f97694b: Verifying Checksum
b9940f97694b: Download complete
b79b040de953: Pull complete
2f069358dc96: Verifying Checksum
2f069358dc96: Download complete
938c64119969: Pull complete
7689ec51a0d9: Pull complete
a880ba7c411f: Pull complete
984f656ec6ca: Verifying Checksum
984f656ec6ca: Download complete
984f656ec6ca: Pull complete
9f497bce458a: Pull complete
b9940f97694b: Pull complete
2f069358dc96: Pull complete
Digest: sha256:4bb2e81a40e9d0d59bd8e3dc2ba5e1f2197696f6de39a91e90798dd27299b093
Status: Downloaded newer image for mysql:latest
 ---> dd7265748b5d
Step 2/10 : ENV MYSQL_ROOT_PASSWORD=1927
 ---> Running in c8182e404e04
Removing intermediate container c8182e404e04
 ---> d6c699b62ab3
Step 3/10 : ENV MYSQL_DATABASE=docker_test
 ---> Running in 6660c9fc9818
Removing intermediate container 6660c9fc9818
 ---> d9a0a8f98d58
Step 4/10 : ENV MYSQL_USER springboot
 ---> Running in a92b752bdd03
Removing intermediate container a92b752bdd03
 ---> e128bf8c7de6
Step 5/10 : ENV MYSQL_PASSWORD springboot
 ---> Running in 932eedbdfdd0
Removing intermediate container 932eedbdfdd0
 ---> cb5ea8220b60
Step 6/10 : RUN cat /etc/*release*
 ---> Running in e3467c04a2aa
PRETTY_NAME="Debian GNU/Linux 10 (buster)"
NAME="Debian GNU/Linux"
VERSION_ID="10"
VERSION="10 (buster)"
VERSION_CODENAME=buster
ID=debian
HOME_URL="https://www.debian.org/"
SUPPORT_URL="https://www.debian.org/support"
BUG_REPORT_URL="https://bugs.debian.org/"
Removing intermediate container e3467c04a2aa
 ---> 938efa4d620e
Step 7/10 : RUN pwd
 ---> Running in c2d4ac1f409f
/
Removing intermediate container c2d4ac1f409f
 ---> de5062ff3b5d
Step 8/10 : RUN ls
 ---> Running in 26cd2938cc0b
bin
boot
dev
docker-entrypoint-initdb.d
entrypoint.sh
etc
home
lib
lib64
media
mnt
opt
proc
root
run
sbin
srv
sys
tmp
usr
var
Removing intermediate container 26cd2938cc0b
 ---> 0ab3343d31f1
Step 9/10 : VOLUME ["/storage"]
 ---> Running in 8aa37566a2d6
Removing intermediate container 8aa37566a2d6
 ---> dd9d8fafe09a
Step 10/10 : ENTRYPOINT ["mysqld", "--character-set-server=utf8mb4", "--collation-server=utf8mb4_unicode_ci"]
 ---> Running in a2580ab89e00
Removing intermediate container a2580ab89e00
 ---> 84ce1e6983c5
Successfully built 84ce1e6983c5
Successfully tagged mysql_docker:latest
SECURITY WARNING: You are building a Docker image from Windows against a non-Windows Docker host. All files and directories added to build context will have '-rwxr-xr-x' permissions. It is recommended to double check and reset permissions for sensitive files and directories.

Han@DESKTOP-H0MOQCV MINGW64 ~/mysql-docker
$ docker images
REPOSITORY          TAG              IMAGE ID       CREATED          SIZE
mysql_docker        latest           84ce1e6983c5   35 seconds ago   545MB
mysql               latest           dd7265748b5d   2 weeks ago      545MB
hellodocker         latest           fe631c5a0d75   4 months ago     721MB
docker101tutorial   latest           55410b81f8e9   4 months ago     26.8MB
maven               3.6-openjdk-11   17797f4b714f   4 months ago     639MB
python              alpine           872c3118ec53   4 months ago     42.7MB
node                12-alpine        18f4bc975732   4 months ago     89.3MB
nginx               alpine           ecd67fe340f9   5 months ago     21.6MB

Han@DESKTOP-H0MOQCV MINGW64 ~/mysql-docker
$ docker run -it mysql_docker /bin/bash
the input device is not a TTY.  If you are using mintty, try prefixing the command with 'winpty'

Han@DESKTOP-H0MOQCV MINGW64 ~/mysql-docker
$ winpty docker run -it mysql_docker /bin/bash
2020-12-11T15:48:08.007636Z 0 [System] [MY-010116] [Server] /usr/sbin/mysqld (mysqld 8.0.22) starting as process 1
2020-12-11T15:48:08.010952Z 0 [ERROR] [MY-010123] [Server] Fatal error: Please read "Security" section of the manual to
find out how to run mysqld as root!
2020-12-11T15:48:08.011019Z 0 [ERROR] [MY-010119] [Server] Aborting
2020-12-11T15:48:08.011191Z 0 [System] [MY-010910] [Server] /usr/sbin/mysqld: Shutdown complete (mysqld 8.0.22)  MySQL C
ommunity Server - GPL.

Han@DESKTOP-H0MOQCV MINGW64 ~/mysql-docker
$ docker ps -a
CONTAINER ID   IMAGE          COMMAND                  CREATED         STATUS                     PORTS     NAMES
47dc15a85663   mysql_docker   "mysqld --character-??   9 minutes ago   Exited (1) 9 minutes ago             unruffled_heisenberg

Han@DESKTOP-H0MOQCV MINGW64 ~/mysql-docker
$ docker ps
CONTAINER ID   IMAGE     COMMAND   CREATED   STATUS    PORTS     NAMES

Han@DESKTOP-H0MOQCV MINGW64 ~/mysql-docker
$ docker rm 47dc15a85663
47dc15a85663

Han@DESKTOP-H0MOQCV MINGW64 ~/mysql-docker
$ docker ps -a
CONTAINER ID   IMAGE     COMMAND   CREATED   STATUS    PORTS     NAMES

Han@DESKTOP-H0MOQCV MINGW64 ~/mysql-docker
$ docker images
REPOSITORY          TAG              IMAGE ID       CREATED          SIZE
mysql_docker        latest           84ce1e6983c5   27 minutes ago   545MB
mysql               latest           dd7265748b5d   2 weeks ago      545MB
hellodocker         latest           fe631c5a0d75   4 months ago     721MB
docker101tutorial   latest           55410b81f8e9   4 months ago     26.8MB
maven               3.6-openjdk-11   17797f4b714f   4 months ago     639MB
python              alpine           872c3118ec53   4 months ago     42.7MB
node                12-alpine        18f4bc975732   4 months ago     89.3MB
nginx               alpine           ecd67fe340f9   5 months ago     21.6MB

Han@DESKTOP-H0MOQCV MINGW64 ~/mysql-docker
$ docker rmi mysql_docker
Untagged: mysql_docker:latest
Deleted: sha256:84ce1e6983c5ba7f6084c9a0ac4320c63885fadd9e52aef17fdc1614fbec1db9
Deleted: sha256:dd9d8fafe09a5a4395d85268ebc659135e52d8dd0d4c36e57d1964d9a8c59ab0
Deleted: sha256:0ab3343d31f10caf8b008605fb8d0329d09f2aa376452a374d35eb685c548ba7
Deleted: sha256:de5062ff3b5dcbfe8361a8df4d12af11843c1a3997862cb323d0856bad910b71
Deleted: sha256:938efa4d620efcca5bece7f49447c4e262a911e075a3ddb45bef62ce8833fc13
Deleted: sha256:cb5ea8220b606fabccee66ef6e9f3b8da3429d7849229a78fe3c95590f17b76f
Deleted: sha256:e128bf8c7de6acc2aa270d201658601146d18652a13437d4030d3f676240bac4
Deleted: sha256:d9a0a8f98d5840f0ea8f3238262fff2407143a6c45a32d9001a43a4fb6dbb743
Deleted: sha256:d6c699b62ab37b7fca0d42241922dee99c75008afb3b4e377b5484cae1ad2f81

Han@DESKTOP-H0MOQCV MINGW64 ~/mysql-docker
$ docker images
REPOSITORY          TAG              IMAGE ID       CREATED        SIZE
mysql               latest           dd7265748b5d   2 weeks ago    545MB
hellodocker         latest           fe631c5a0d75   4 months ago   721MB
docker101tutorial   latest           55410b81f8e9   4 months ago   26.8MB
maven               3.6-openjdk-11   17797f4b714f   4 months ago   639MB
python              alpine           872c3118ec53   4 months ago   42.7MB
node                12-alpine        18f4bc975732   4 months ago   89.3MB
nginx               alpine           ecd67fe340f9   5 months ago   21.6MB

Han@DESKTOP-H0MOQCV MINGW64 ~/mysql-docker
$ docker build -t mysql_docker .
Sending build context to Docker daemon  11.78kB
Step 1/9 : FROM mysql
 ---> dd7265748b5d
Step 2/9 : ENV MYSQL_ROOT_PASSWORD=1927
 ---> Running in 6e69fd1ab7d8
Removing intermediate container 6e69fd1ab7d8
 ---> fe86d315c3d2
Step 3/9 : ENV MYSQL_DATABASE=docker_test
 ---> Running in 132aa740ffa3
Removing intermediate container 132aa740ffa3
 ---> 2ecfac73f4d0
Step 4/9 : ENV MYSQL_USER springboot
 ---> Running in 80fd25faeccd
Removing intermediate container 80fd25faeccd
 ---> c0f72c1c5c94
Step 5/9 : ENV MYSQL_PASSWORD springboot
 ---> Running in 6454b4469ec3
Removing intermediate container 6454b4469ec3
 ---> 2262c963d3d6
Step 6/9 : RUN cat /etc/*release*
 ---> Running in 39ab03d0517a
PRETTY_NAME="Debian GNU/Linux 10 (buster)"
NAME="Debian GNU/Linux"
VERSION_ID="10"
VERSION="10 (buster)"
VERSION_CODENAME=buster
ID=debian
HOME_URL="https://www.debian.org/"
SUPPORT_URL="https://www.debian.org/support"
BUG_REPORT_URL="https://bugs.debian.org/"
Removing intermediate container 39ab03d0517a
 ---> c4751fd92732
Step 7/9 : RUN pwd
 ---> Running in 3159f50657dd
/
Removing intermediate container 3159f50657dd
 ---> 4ec4a08963ac
Step 8/9 : RUN ls
 ---> Running in 06dbec6bdbc1
bin
boot
dev
docker-entrypoint-initdb.d
entrypoint.sh
etc
home
lib
lib64
media
mnt
opt
proc
root
run
sbin
srv
sys
tmp
usr
var
Removing intermediate container 06dbec6bdbc1
 ---> 282ea9d1e80d
Step 9/9 : VOLUME ["/storage"]
 ---> Running in a0af79fc81b5
Removing intermediate container a0af79fc81b5
 ---> 20cbe274edc7
Successfully built 20cbe274edc7
Successfully tagged mysql_docker:latest
SECURITY WARNING: You are building a Docker image from Windows against a non-Windows Docker host. All files and directories added to build context will have '-rwxr-xr-x' permissions. It is recommended to double check and reset permissions for sensitive files and directories.

Han@DESKTOP-H0MOQCV MINGW64 ~/mysql-docker
$ docker images
REPOSITORY          TAG              IMAGE ID       CREATED          SIZE
mysql_docker        latest           20cbe274edc7   16 seconds ago   545MB
mysql               latest           dd7265748b5d   2 weeks ago      545MB
hellodocker         latest           fe631c5a0d75   4 months ago     721MB
docker101tutorial   latest           55410b81f8e9   4 months ago     26.8MB
maven               3.6-openjdk-11   17797f4b714f   4 months ago     639MB
python              alpine           872c3118ec53   4 months ago     42.7MB
node                12-alpine        18f4bc975732   4 months ago     89.3MB
nginx               alpine           ecd67fe340f9   5 months ago     21.6MB

Han@DESKTOP-H0MOQCV MINGW64 ~/mysql-docker
$ winpty docker run -it mysql_docker /bin/bash
/usr/local/bin/docker-entrypoint.sh: line 376: /C:/Program Files/Git/usr/bin/bash.exe: No such file or directory

Han@DESKTOP-H0MOQCV MINGW64 ~/mysql-docker
$ docker ps -a
CONTAINER ID   IMAGE          COMMAND                  CREATED              STATUS                            PORTS     NAMES
2b72dbe09221   mysql_docker   "docker-entrypoint.s??   About a minute ago   Exited (127) About a minute ago             goofy_poincare

Han@DESKTOP-H0MOQCV MINGW64 ~/mysql-docker
$ docker ps
CONTAINER ID   IMAGE     COMMAND   CREATED   STATUS    PORTS     NAMES

Han@DESKTOP-H0MOQCV MINGW64 ~/mysql-docker
$ docker run -d --name mysql_container mysql_docker
410296271b571f69ab394c5c606bf2e91bf247ceeda7a4e8d7856869a53a0ca8

Han@DESKTOP-H0MOQCV MINGW64 ~/mysql-docker
$ docker ps
CONTAINER ID   IMAGE          COMMAND                  CREATED         STATUS         PORTS                 NAMES
410296271b57   mysql_docker   "docker-entrypoint.s??   2 minutes ago   Up 2 minutes   3306/tcp, 33060/tcp   mysql_container

Han@DESKTOP-H0MOQCV MINGW64 ~/mysql-docker
$ docker stop mysql_container
mysql_container

Han@DESKTOP-H0MOQCV MINGW64 ~/mysql-docker
$ docker ps
CONTAINER ID   IMAGE     COMMAND   CREATED   STATUS    PORTS     NAMES

Han@DESKTOP-H0MOQCV MINGW64 ~/mysql-docker
$ docker ps -a
CONTAINER ID   IMAGE          COMMAND                  CREATED          STATUS                        PORTS     NAMES
410296271b57   mysql_docker   "docker-entrypoint.s??   7 minutes ago    Exited (0) 29 seconds ago               mysql_container
2b72dbe09221   mysql_docker   "docker-entrypoint.s??   10 minutes ago   Exited (127) 10 minutes ago             goofy_poincare

Han@DESKTOP-H0MOQCV MINGW64 ~/mysql-docker
$ docker rm mysql_container
mysql_container

Han@DESKTOP-H0MOQCV MINGW64 ~/mysql-docker
$ docker ps -a
CONTAINER ID   IMAGE          COMMAND                  CREATED          STATUS                        PORTS     NAMES
2b72dbe09221   mysql_docker   "docker-entrypoint.s??   12 minutes ago   Exited (127) 12 minutes ago             goofy_poincare

Han@DESKTOP-H0MOQCV MINGW64 ~/mysql-docker
$ docker rm 2b72dbe09221
2b72dbe09221

Han@DESKTOP-H0MOQCV MINGW64 ~/mysql-docker
$ docker ps -a
CONTAINER ID   IMAGE     COMMAND   CREATED   STATUS    PORTS     NAMES

Han@DESKTOP-H0MOQCV MINGW64 ~/mysql-docker
$ docker run --name mysql_container -d mysql_docker --character-set-server=utf8mb4 --collation-server=utf8mb4_unicode_ci
aff8d1320679a9f7a000335f793f9a4e42397a26c0690c9be2223e5fabcdc830

Han@DESKTOP-H0MOQCV MINGW64 ~/mysql-docker
$ docker ps
CONTAINER ID   IMAGE          COMMAND                  CREATED          STATUS          PORTS                 NAMES
aff8d1320679   mysql_docker   "docker-entrypoint.s??   16 seconds ago   Up 14 seconds   3306/tcp, 33060/tcp   mysql_container

Han@DESKTOP-H0MOQCV MINGW64 ~/mysql-docker
$ docker exec -it mysql_container bash
the input device is not a TTY.  If you are using mintty, try prefixing the command with 'winpty'

Han@DESKTOP-H0MOQCV MINGW64 ~/mysql-docker
$ winpty docker exec -it mysql_container bash
root@aff8d1320679:/# ipconfig
bash: ipconfig: command not found
root@aff8d1320679:/# ifconfig
bash: ifconfig: command not found
root@aff8d1320679:/# mysql -u root -p
Enter password:
Welcome to the MySQL monitor.  Commands end with ; or \g.
Your MySQL connection id is 8
Server version: 8.0.22 MySQL Community Server - GPL

Copyright (c) 2000, 2020, Oracle and/or its affiliates. All rights reserved.

Oracle is a registered trademark of Oracle Corporation and/or its
affiliates. Other names may be trademarks of their respective
owners.

Type 'help;' or '\h' for help. Type '\c' to clear the current input statement.

mysql> show databases;
+--------------------+
| Database           |
+--------------------+
| docker_test        |
| information_schema |
| mysql              |
| performance_schema |
| sys                |
+--------------------+
5 rows in set (0.01 sec)

mysql> exit
Bye
root@aff8d1320679:/# ls
bin   dev                         entrypoint.sh  home  lib64  mnt  proc  run   srv      sys  usr
boot  docker-entrypoint-initdb.d  etc            lib   media  opt  root  sbin  storage  tmp  var
root@aff8d1320679:/# echo "hello" > /storage/hello.txt
root@aff8d1320679:/# cat /storage/hello.txt
hello
root@aff8d1320679:/# exit
exit

Han@DESKTOP-H0MOQCV MINGW64 ~/mysql-docker
$ docker inspect -f '{{.Mounts}}' aff8d1320679
[{volume 19a590c9dcc6d12d851e25054905a9440cdbbbd67b63902c644b9637703dda37 /var/lib/docker/volumes/19a590c9dcc6d12d851e25054905a9440cdbbbd67b63902c644b9637703dda37/_data /var/lib/mysql local  true } {volume ac0cbf57a02a6728d113a2f2540d076eaa3b2eaf85aab4af4bf1e00ebe6d04d2 /var/lib/docker/volumes/ac0cbf57a02a6728d113a2f2540d076eaa3b2eaf85aab4af4bf1e00ebe6d04d2/_data /storage local  true }]

Han@DESKTOP-H0MOQCV MINGW64 ~/mysql-docker
$ docker stop mysql_container
mysql_container

Han@DESKTOP-H0MOQCV MINGW64 ~/mysql-docker
$ docker ps
CONTAINER ID   IMAGE     COMMAND   CREATED   STATUS    PORTS     NAMES

Han@DESKTOP-H0MOQCV MINGW64 ~/mysql-docker
$ docker ps -a
CONTAINER ID   IMAGE          COMMAND                  CREATED          STATUS                      PORTS     NAMES
aff8d1320679   mysql_docker   "docker-entrypoint.s??   51 minutes ago   Exited (0) 25 seconds ago             mysql_container

Han@DESKTOP-H0MOQCV MINGW64 ~/mysql-docker
$ docker rm mysql_container
mysql_container

Han@DESKTOP-H0MOQCV MINGW64 ~/mysql-docker
$ docker ps -a
CONTAINER ID   IMAGE     COMMAND   CREATED   STATUS    PORTS     NAMES

Han@DESKTOP-H0MOQCV MINGW64 ~/mysql-docker
$ docker run --name mysql_container -d mysql_docker -p 3306:3306 --character-set-server=utf8mb4 --collation-server=utf8mb4_unicode_ci
a0e618fa453301961240a7baa968cb00216cdb1599a2e82c268125651d869eac

Han@DESKTOP-H0MOQCV MINGW64 ~/mysql-docker
$ docker ps
CONTAINER ID   IMAGE     COMMAND   CREATED   STATUS    PORTS     NAMES

Han@DESKTOP-H0MOQCV MINGW64 ~/mysql-docker
$ docker ps -a
CONTAINER ID   IMAGE          COMMAND                  CREATED         STATUS                     PORTS     NAMES
a0e618fa4533   mysql_docker   "docker-entrypoint.s??   3 minutes ago   Exited (1) 3 minutes ago             mysql_container

Han@DESKTOP-H0MOQCV MINGW64 ~/mysql-docker
$ docker logs a0e618fa4533
2020-12-11 17:22:49+00:00 [Note] [Entrypoint]: Entrypoint script for MySQL Server 8.0.22-1debian10 started.
2020-12-11 17:22:49+00:00 [ERROR] [Entrypoint]: mysqld failed while attempting to check config
        command was: mysqld -p 3306:3306 --character-set-server=utf8mb4 --collation-server=utf8mb4_unicode_ci --verbose --help
        Enter password: mysqld: Can not perform keyring migration : Invalid --keyring-migration-source option.
2020-12-11T17:22:49.720397Z 0 [ERROR] [MY-011084] [Server] Keyring migration failed.
2020-12-11T17:22:49.723250Z 0 [ERROR] [MY-010119] [Server] Aborting

Han@DESKTOP-H0MOQCV MINGW64 ~/mysql-docker
$ docker rm mysql_container
mysql_container

Han@DESKTOP-H0MOQCV MINGW64 ~/mysql-docker
$ docker ps -a
CONTAINER ID   IMAGE     COMMAND   CREATED   STATUS    PORTS     NAMES

Han@DESKTOP-H0MOQCV MINGW64 ~/mysql-docker
$ docker run --name mysql_container -p 3306:3306 -d mysql_docker --character-set-server=utf8mb4 --collation-server=utf8mb4_unicode_ci
b6a3b63536dbb79c1f6a42ebea901b2538a2d2e5de51d429ba32b600eeac4c5b

Han@DESKTOP-H0MOQCV MINGW64 ~/mysql-docker
$ docker ps
CONTAINER ID   IMAGE          COMMAND                  CREATED          STATUS          PORTS                               NAMES
b6a3b63536db   mysql_docker   "docker-entrypoint.s??   19 seconds ago   Up 18 seconds   0.0.0.0:3306->3306/tcp, 33060/tcp   mysql_container

Han@DESKTOP-H0MOQCV MINGW64 ~/mysql-docker
$ docker logs b6a3b63536db
2020-12-11 17:29:00+00:00 [Note] [Entrypoint]: Entrypoint script for MySQL Server 8.0.22-1debian10 started.
2020-12-11 17:29:00+00:00 [Note] [Entrypoint]: Switching to dedicated user 'mysql'
2020-12-11 17:29:00+00:00 [Note] [Entrypoint]: Entrypoint script for MySQL Server 8.0.22-1debian10 started.
2020-12-11 17:29:00+00:00 [Note] [Entrypoint]: Initializing database files
2020-12-11T17:29:00.624812Z 0 [System] [MY-013169] [Server] /usr/sbin/mysqld (mysqld 8.0.22) initializing of server in progress as process 44
2020-12-11T17:29:00.632661Z 1 [System] [MY-013576] [InnoDB] InnoDB initialization has started.
2020-12-11T17:29:01.668824Z 1 [System] [MY-013577] [InnoDB] InnoDB initialization has ended.
2020-12-11T17:29:04.534760Z 6 [Warning] [MY-010453] [Server] root@localhost is created with an empty password ! Please consider switching off the --initialize-insecure option.
2020-12-11 17:29:09+00:00 [Note] [Entrypoint]: Database files initialized
2020-12-11 17:29:09+00:00 [Note] [Entrypoint]: Starting temporary server
2020-12-11T17:29:10.095046Z 0 [System] [MY-010116] [Server] /usr/sbin/mysqld (mysqld 8.0.22) starting as process 89
2020-12-11T17:29:10.117152Z 1 [System] [MY-013576] [InnoDB] InnoDB initialization has started.
2020-12-11T17:29:10.368644Z 1 [System] [MY-013577] [InnoDB] InnoDB initialization has ended.
2020-12-11T17:29:10.500868Z 0 [System] [MY-011323] [Server] X Plugin ready for connections. Socket: /var/run/mysqld/mysqlx.sock
2020-12-11T17:29:10.636896Z 0 [Warning] [MY-010068] [Server] CA certificate ca.pem is self signed.
2020-12-11T17:29:10.637085Z 0 [System] [MY-013602] [Server] Channel mysql_main configured to support TLS. Encrypted connections are now supported for this channel.
2020-12-11T17:29:10.640966Z 0 [Warning] [MY-011810] [Server] Insecure configuration for --pid-file: Location '/var/run/mysqld' in the path is accessible to all OS users. Consider choosing a different directory.
2020-12-11T17:29:10.659889Z 0 [System] [MY-010931] [Server] /usr/sbin/mysqld: ready for connections. Version: '8.0.22'  socket: '/var/run/mysqld/mysqld.sock'  port: 0  MySQL Community Server - GPL.
2020-12-11 17:29:10+00:00 [Note] [Entrypoint]: Temporary server started.
Warning: Unable to load '/usr/share/zoneinfo/iso3166.tab' as time zone. Skipping it.
Warning: Unable to load '/usr/share/zoneinfo/leap-seconds.list' as time zone. Skipping it.
Warning: Unable to load '/usr/share/zoneinfo/zone.tab' as time zone. Skipping it.
Warning: Unable to load '/usr/share/zoneinfo/zone1970.tab' as time zone. Skipping it.
2020-12-11 17:29:13+00:00 [Note] [Entrypoint]: Creating database docker_test
2020-12-11 17:29:13+00:00 [Note] [Entrypoint]: Creating user springboot
2020-12-11 17:29:13+00:00 [Note] [Entrypoint]: Giving user springboot access to schema docker_test

2020-12-11 17:29:13+00:00 [Note] [Entrypoint]: Stopping temporary server
2020-12-11T17:29:13.714050Z 13 [System] [MY-013172] [Server] Received SHUTDOWN from user root. Shutting down mysqld (Version: 8.0.22).
2020-12-11T17:29:16.685972Z 0 [System] [MY-010910] [Server] /usr/sbin/mysqld: Shutdown complete (mysqld 8.0.22)  MySQL Community Server - GPL.
2020-12-11 17:29:16+00:00 [Note] [Entrypoint]: Temporary server stopped

2020-12-11 17:29:16+00:00 [Note] [Entrypoint]: MySQL init process done. Ready for start up.

2020-12-11T17:29:16.962047Z 0 [System] [MY-010116] [Server] /usr/sbin/mysqld (mysqld 8.0.22) starting as process 1
2020-12-11T17:29:16.972187Z 1 [System] [MY-013576] [InnoDB] InnoDB initialization has started.
2020-12-11T17:29:17.219731Z 1 [System] [MY-013577] [InnoDB] InnoDB initialization has ended.
2020-12-11T17:29:17.340382Z 0 [System] [MY-011323] [Server] X Plugin ready for connections. Bind-address: '::' port: 33060, socket: /var/run/mysqld/mysqlx.sock
2020-12-11T17:29:17.430379Z 0 [Warning] [MY-010068] [Server] CA certificate ca.pem is self signed.
2020-12-11T17:29:17.430598Z 0 [System] [MY-013602] [Server] Channel mysql_main configured to support TLS. Encrypted connections are now supported for this channel.
2020-12-11T17:29:17.438021Z 0 [Warning] [MY-011810] [Server] Insecure configuration for --pid-file: Location '/var/run/mysqld' in the path is accessible to all OS users. Consider choosing a different directory.
2020-12-11T17:29:17.460110Z 0 [System] [MY-010931] [Server] /usr/sbin/mysqld: ready for connections. Version: '8.0.22'  socket: '/var/run/mysqld/mysqld.sock'  port: 3306  MySQL Community Server - GPL.

Han@DESKTOP-H0MOQCV MINGW64 ~/mysql-docker
$ docker stop mysql_container
mysql_container

Han@DESKTOP-H0MOQCV MINGW64 ~/mysql-docker
$ docker ps
CONTAINER ID   IMAGE     COMMAND   CREATED   STATUS    PORTS     NAMES

Han@DESKTOP-H0MOQCV MINGW64 ~/mysql-docker
$ docker ps -a
CONTAINER ID   IMAGE          COMMAND                  CREATED          STATUS                      PORTS     NAMES
b6a3b63536db   mysql_docker   "docker-entrypoint.s??   10 minutes ago   Exited (0) 39 seconds ago             mysql_container

Han@DESKTOP-H0MOQCV MINGW64 ~/mysql-docker
$ docker rm mysql_container
mysql_container

Han@DESKTOP-H0MOQCV MINGW64 ~/mysql-docker
$ docker ps -a
CONTAINER ID   IMAGE     COMMAND   CREATED   STATUS    PORTS     NAMES

---------------------------------------------------------------------------------

Han@DESKTOP-H0MOQCV MINGW64 ~/mysql-docker (master)
$ docker run --name mysql_container -v /home:/var/lib/mysql -p 3306:3306 -d mysql_docker --character-set-server=utf8mb4 --collation-server=utf8mb4_unicode_ci
docker: Error response from daemon: mkdir C:\Program Files\Git\home;C: Access is denied.
See 'docker run --help'.

Han@DESKTOP-H0MOQCV MINGW64 ~/mysql-docker (master)
$ docker ps
CONTAINER ID   IMAGE     COMMAND   CREATED   STATUS    PORTS     NAMES

Han@DESKTOP-H0MOQCV MINGW64 ~/mysql-docker (master)
$ docker logs mysql_container
Error: No such container: mysql_container

Han@DESKTOP-H0MOQCV MINGW64 ~/mysql-docker (master)
$ docker ps -a
CONTAINER ID   IMAGE     COMMAND   CREATED   STATUS    PORTS     NAMES

Han@DESKTOP-H0MOQCV MINGW64 ~/mysql-docker (master)
$ docker run --name mysql_container -v C:/Users/Han/mysql-docker/db:/var/lib/mysql -p 3306:3306 -d mysql_docker --character-set-server=utf8mb4 --collation-server=utf8mb4_unicode_ci
8417a814f3622c9ff295449124884088322b665feb65d7b90f58582abf90d65c

Han@DESKTOP-H0MOQCV MINGW64 ~/mysql-docker (master)
$ docker ps
CONTAINER ID   IMAGE          COMMAND                  CREATED              STATUS              PORTS                               NAMES
8417a814f362   mysql_docker   "docker-entrypoint.s??   About a minute ago   Up About a minute   0.0.0.0:3306->3306/tcp, 33060/tcp   mysql_container

Han@DESKTOP-H0MOQCV MINGW64 ~/mysql-docker (master)
$ docker stop mysql_container
mysql_container

Han@DESKTOP-H0MOQCV MINGW64 ~/mysql-docker (master)
$ docker ps
CONTAINER ID   IMAGE     COMMAND   CREATED   STATUS    PORTS     NAMES

Han@DESKTOP-H0MOQCV MINGW64 ~/mysql-docker (master)
$ docker ps -a
CONTAINER ID   IMAGE          COMMAND                  CREATED         STATUS                      PORTS     NAMES
8417a814f362   mysql_docker   "docker-entrypoint.s??   4 minutes ago   Exited (0) 24 seconds ago             mysql_container

Han@DESKTOP-H0MOQCV MINGW64 ~/mysql-docker (master)
$ docker rm mysql_container
mysql_container

Han@DESKTOP-H0MOQCV MINGW64 ~/mysql-docker (master)
$ docker run --name mysql_container -v C:/Users/Han/mysql-docker/db:/var/lib/mysql -p 3306:3306 -d mysql_docker --character-set-server=utf8mb4 --collation-server=utf8mb4_unicode_ci
836db89910ca4b5f786dadd0538e005b27acb2c45a9d099fd032f534d0df0864

Han@DESKTOP-H0MOQCV MINGW64 ~/mysql-docker (master)
$ docker stop mysql_container
mysql_container

Han@DESKTOP-H0MOQCV MINGW64 ~/mysql-docker (master)
$ docker rm mysql_container
mysql_container

Han@DESKTOP-H0MOQCV MINGW64 ~/mysql-docker (master)
$ docker ps -a
CONTAINER ID   IMAGE     COMMAND   CREATED   STATUS    PORTS     NAMES

Han@DESKTOP-H0MOQCV MINGW64 ~/mysql-docker (master)
$
